
> codetrack-frontend@0.1.0 dev
> vite --host 0.0.0.0 --port 5175

[2m23:49:24[22m [36m[1m[vite][22m[39m [90m[2m(client)[22m[39m Re-optimizing dependencies because lockfile has changed

  [32m[1mVITE[22m v6.4.3[39m  [2mready in [0m[1m9510[22m[2m[0m ms[22m

  [32m➜[39m  [1mLocal[22m:   [36mhttp://localhost:[1m5175[22m/[39m
  [32m➜[39m  [1mNetwork[22m: [36mhttp://10.27.25.55:[1m5175[22m/[39m
[2m23:58:24[22m [36m[1m[vite][22m[39m [90m[2m(client)[22m[39m [32mhmr update [39m[2m/src/pages/AiTutor.tsx[22m
[2m23:58:46[22m [36m[1m[vite][22m[39m [90m[2m(client)[22m[39m [32mhmr update [39m[2m/src/pages/SelfStudyHub.tsx[22m
[2m00:02:23[22m [36m[1m[vite][22m[39m [90m[2m(client)[22m[39m [32mhmr update [39m[2m/src/pages/SelfStudy.tsx[22m
[2m00:02:35[22m [36m[1m[vite][22m[39m [90m[2m(client)[22m[39m [32mhmr update [39m[2m/src/pages/SelfStudyHub.tsx[22m
[2m00:03:50[22m [36m[1m[vite][22m[39m [90m[2m(client)[22m[39m [32mhmr update [39m[2m/src/styles/index.css[22m
[2m00:04:11[22m [36m[1m[vite][22m[39m [90m[2m(client)[22m[39m [32mhmr update [39m[2m/src/styles/index.css[22m
[2m00:11:13[22m [36m[1m[vite][22m[39m [90m[2m(client)[22m[39m [32mhmr update [39m[2m/src/pages/SelfStudyHub.tsx[22m
[2m00:11:20[22m [36m[1m[vite][22m[39m [90m[2m(client)[22m[39m [32mhmr update [39m[2m/src/pages/SelfStudy.tsx[22m
[2m00:11:30[22m [36m[1m[vite][22m[39m [90m[2m(client)[22m[39m [32mhmr update [39m[2m/src/styles/index.css[22m
[2m00:51:26[22m [36m[1m[vite][22m[39m [90m[2m(client)[22m[39m [32mhmr update [39m[2m/src/styles/index.css[22m
[2m00:53:53[22m [36m[1m[vite][22m[39m [90m[2m(client)[22m[39m [32mhmr update [39m[2m/src/styles/index.css[22m
[2m01:00:40[22m [36m[1m[vite][22m[39m [90m[2m(client)[22m[39m [32m✨ new dependencies optimized: [33mreact/jsx-dev-runtime, react-router-dom, lucide-react[32m[39m
[2m01:00:51[22m [36m[1m[vite][22m[39m [90m[2m(client)[22m[39m [32m✨ new dependencies optimized: [33mreact, antd[32m[39m
[2m01:00:51[22m [36m[1m[vite][22m[39m [90m[2m(client)[22m[39m [32m✨ optimized dependencies changed. reloading[39m
[2m01:05:15[22m [36m[1m[vite][22m[39m [90m[2m(client)[22m[39m [32mhmr update [39m[2m/src/styles/index.css[22m
[2m01:34:52[22m [36m[1m[vite][22m[39m [90m[2m(client)[22m[39m [32mhmr update [39m[2m/src/App.tsx, /src/pages/LoginPage.tsx, /src/pages/LearningHome.tsx, /src/pages/CourseTasks.tsx, /src/pages/StudentEntryPortal.tsx, /src/pages/CourseHub.tsx, /src/pages/QuestionWorkspace.tsx, /src/pages/TaskWorkspace.tsx, /src/pages/SelfStudy.tsx, /src/pages/AiTutor.tsx, /src/pages/StudentKnowledgeMap.tsx, /src/pages/LearningProfile.tsx, /src/pages/LearningLibrary.tsx, /src/teacher/pages/aiReview/AiReviewList.tsx, /src/teacher/pages/DiagnosisSummary.tsx, /src/teacher/pages/tasks/TaskPublish.tsx, /src/teacher/pages/improvement/StrategyOptimization.tsx, /src/teacher/pages/resources/ResourceCenter.tsx, /src/teacher/pages/tasks/TaskList.tsx, /src/teacher/pages/GradingWorkspace.tsx, /src/teacher/pages/tasks/TaskCreate.tsx, /src/teacher/pages/monitor/MonitorHome.tsx, /src/teacher/pages/aiReview/AiReviewDetail.tsx, /src/teacher/pages/courses/CourseSyllabus.tsx, /src/teacher/pages/diagnosis/ClassOverview.tsx, /src/teacher/pages/diagnosis/StudentDiagnosis.tsx, /src/teacher/pages/diagnosis/AlertCenter.tsx[22m
[2m01:35:46[22m [36m[1m[vite][22m[39m [90m[2m(client)[22m[39m [32mhmr update [39m[2m/src/pages/AiTutor.tsx[22m
[2m01:35:55[22m [36m[1m[vite][22m[39m [90m[2m(client)[22m[39m [32mhmr update [39m[2m/src/styles/index.css[22m
[2m12:32:18[22m [36m[1m[vite][22m[39m [32mvite.config.ts changed, restarting server...[39m
[2m12:32:19[22m [36m[1m[vite][22m[39m server restarted.
