[2m23:43:32[22m [31m[1m[vite][22m[39m [31m[2m(client)[22m[39m Pre-transform error: Failed to resolve import "echarts" from "src/pages/StudentKnowledgeMap.tsx". Does the file exist?
  Plugin: [35mvite:import-analysis[39m
  File: [36mD:/Office_File/other/CodeTrack/frontend/src/pages/StudentKnowledgeMap.tsx[39m:3:25
[33m  18 |  import { useEffect, useMemo, useRef, useState } from "react";
  19 |  import { useNavigate, useParams } from "react-router-dom";
  20 |  import * as echarts from "echarts";
     |                            ^
  21 |  import {
  22 |    ArrowRight,[39m
[2m23:43:32[22m [31m[1m[vite][22m[39m [31m[2m(client)[22m[39m Pre-transform error: Failed to resolve import "echarts" from "src/pages/StudentKnowledgeMap.tsx". Does the file exist?
  Plugin: [35mvite:import-analysis[39m
  File: [36mD:/Office_File/other/CodeTrack/frontend/src/pages/StudentKnowledgeMap.tsx[39m:3:25
[33m  18 |  import { useEffect, useMemo, useRef, useState } from "react";
  19 |  import { useNavigate, useParams } from "react-router-dom";
  20 |  import * as echarts from "echarts";
     |                            ^
  21 |  import {
  22 |    ArrowRight,[39m
[2m23:44:21[22m [31m[1m[vite][22m[39m [31mInternal server error: Failed to resolve import "echarts" from "src/pages/StudentKnowledgeMap.tsx". Does the file exist?[39m
  Plugin: [35mvite:import-analysis[39m
  File: [36mD:/Office_File/other/CodeTrack/frontend/src/pages/StudentKnowledgeMap.tsx[39m:3:25
[33m  18 |  import { useEffect, useMemo, useRef, useState } from "react";
  19 |  import { useNavigate, useParams } from "react-router-dom";
  20 |  import * as echarts from "echarts";
     |                            ^
  21 |  import {
  22 |    ArrowRight,[39m
      at TransformPluginContext._formatLog (file:///D:/Office_File/other/CodeTrack/frontend/node_modules/vite/dist/node/chunks/dep-Dm0c1Wj2.js:42658:41)
      at TransformPluginContext.error (file:///D:/Office_File/other/CodeTrack/frontend/node_modules/vite/dist/node/chunks/dep-Dm0c1Wj2.js:42655:16)
      at normalizeUrl (file:///D:/Office_File/other/CodeTrack/frontend/node_modules/vite/dist/node/chunks/dep-Dm0c1Wj2.js:40634:23)
      at process.processTicksAndRejections (node:internal/process/task_queues:95:5)
      at async file:///D:/Office_File/other/CodeTrack/frontend/node_modules/vite/dist/node/chunks/dep-Dm0c1Wj2.js:40753:37
      at async Promise.all (index 5)
      at async TransformPluginContext.transform (file:///D:/Office_File/other/CodeTrack/frontend/node_modules/vite/dist/node/chunks/dep-Dm0c1Wj2.js:40680:7)
      at async EnvironmentPluginContainer.transform (file:///D:/Office_File/other/CodeTrack/frontend/node_modules/vite/dist/node/chunks/dep-Dm0c1Wj2.js:42453:18)
      at async loadAndTransform (file:///D:/Office_File/other/CodeTrack/frontend/node_modules/vite/dist/node/chunks/dep-Dm0c1Wj2.js:35845:27)
      at async viteTransformMiddleware (file:///D:/Office_File/other/CodeTrack/frontend/node_modules/vite/dist/node/chunks/dep-Dm0c1Wj2.js:37369:24)
[2m23:44:38[22m [31m[1m[vite][22m[39m [31m[2m(client)[22m[39m Pre-transform error: Failed to resolve import "echarts" from "src/pages/StudentKnowledgeMap.tsx". Does the file exist?
  Plugin: [35mvite:import-analysis[39m
  File: [36mD:/Office_File/other/CodeTrack/frontend/src/pages/StudentKnowledgeMap.tsx[39m:3:25
[33m  18 |  import { useEffect, useMemo, useRef, useState } from "react";
  19 |  import { useNavigate, useParams } from "react-router-dom";
  20 |  import * as echarts from "echarts";
     |                            ^
  21 |  import {
  22 |    ArrowRight,[39m
[2m23:44:38[22m [31m[1m[vite][22m[39m [31m[2m(client)[22m[39m Pre-transform error: Failed to resolve import "echarts" from "src/pages/StudentKnowledgeMap.tsx". Does the file exist?
  Plugin: [35mvite:import-analysis[39m
  File: [36mD:/Office_File/other/CodeTrack/frontend/src/pages/StudentKnowledgeMap.tsx[39m:3:25
[33m  18 |  import { useEffect, useMemo, useRef, useState } from "react";
  19 |  import { useNavigate, useParams } from "react-router-dom";
  20 |  import * as echarts from "echarts";
     |                            ^
  21 |  import {
  22 |    ArrowRight,[39m
[2m23:44:38[22m [31m[1m[vite][22m[39m [31mInternal server error: Failed to resolve import "echarts" from "src/pages/StudentKnowledgeMap.tsx". Does the file exist?[39m
  Plugin: [35mvite:import-analysis[39m
  File: [36mD:/Office_File/other/CodeTrack/frontend/src/pages/StudentKnowledgeMap.tsx[39m:3:25
[33m  18 |  import { useEffect, useMemo, useRef, useState } from "react";
  19 |  import { useNavigate, useParams } from "react-router-dom";
  20 |  import * as echarts from "echarts";
     |                            ^
  21 |  import {
  22 |    ArrowRight,[39m
      at TransformPluginContext._formatLog (file:///D:/Office_File/other/CodeTrack/frontend/node_modules/vite/dist/node/chunks/dep-Dm0c1Wj2.js:42658:41)
      at TransformPluginContext.error (file:///D:/Office_File/other/CodeTrack/frontend/node_modules/vite/dist/node/chunks/dep-Dm0c1Wj2.js:42655:16)
      at normalizeUrl (file:///D:/Office_File/other/CodeTrack/frontend/node_modules/vite/dist/node/chunks/dep-Dm0c1Wj2.js:40634:23)
      at process.processTicksAndRejections (node:internal/process/task_queues:95:5)
      at async file:///D:/Office_File/other/CodeTrack/frontend/node_modules/vite/dist/node/chunks/dep-Dm0c1Wj2.js:40753:37
      at async Promise.all (index 5)
      at async TransformPluginContext.transform (file:///D:/Office_File/other/CodeTrack/frontend/node_modules/vite/dist/node/chunks/dep-Dm0c1Wj2.js:40680:7)
      at async EnvironmentPluginContainer.transform (file:///D:/Office_File/other/CodeTrack/frontend/node_modules/vite/dist/node/chunks/dep-Dm0c1Wj2.js:42453:18)
      at async loadAndTransform (file:///D:/Office_File/other/CodeTrack/frontend/node_modules/vite/dist/node/chunks/dep-Dm0c1Wj2.js:35845:27)
      at async viteTransformMiddleware (file:///D:/Office_File/other/CodeTrack/frontend/node_modules/vite/dist/node/chunks/dep-Dm0c1Wj2.js:37369:24)
