2026-08-15T08:24:37.091Z vite:config config file loaded in 7022.05ms
2026-08-15T08:24:37.636Z vite:env loading env files: [
  'D:/Office_File/other/CodeTrack/frontend/.env',
  'D:/Office_File/other/CodeTrack/frontend/.env.local',
  'D:/Office_File/other/CodeTrack/frontend/.env.production',
  'D:/Office_File/other/CodeTrack/frontend/.env.production.local'
]
2026-08-15T08:24:37.708Z vite:env env files loaded in 160.43ms
2026-08-15T08:24:37.744Z vite:env using resolved env: {}
2026-08-15T08:24:39.683Z vite:config using resolved config: {
  plugins: [
    'vite:build-metadata',
    'vite:watch-package-data',
    'alias',
    'vite:react-babel',
    'vite:react-refresh',
    'vite:modulepreload-polyfill',
    'vite:resolve',
    'vite:html-inline-proxy',
    'vite:css',
    'vite:esbuild',
    'vite:json',
    'vite:wasm-helper',
    'vite:worker',
    'vite:asset',
    'vite:wasm-fallback',
    'vite:define',
    'vite:css-post',
    'vite:build-html',
    'vite:worker-import-meta-url',
    'vite:asset-import-meta-url',
    'vite:force-systemjs-wrap-complete',
    'commonjs',
    'vite:data-uri',
    'vite:rollup-options-plugins',
    'vite:dynamic-import-vars',
    'vite:import-glob',
    'vite:build-import-analysis',
    'vite:esbuild-transpile',
    'vite:terser',
    'vite:manifest',
    'vite:ssr-manifest',
    'vite:reporter',
    'vite:load-fallback'
  ],
  server: {
    port: 5173,
    strictPort: false,
    host: undefined,
    allowedHosts: [],
    https: undefined,
    open: false,
    proxy: {
      '/api': 'http://127.0.0.1:8000',
      '/health': 'http://127.0.0.1:8000',
      '/ready': 'http://127.0.0.1:8000'
    },
    cors: {
      origin: /^https?:\/\/(?:(?:[^:]+\.)?localhost|127\.0\.0\.1|\[::1\])(?::\d+)?$/
    },
    headers: {},
    warmup: { clientFiles: [], ssrFiles: [] },
    middlewareMode: false,
    fs: {
      strict: true,
      deny: [ '.env', '.env.*', '*.{crt,pem}', '**/.git/**' ],
      allow: [ 'D:/Office_File/other/CodeTrack/frontend' ]
    },
    preTransformRequests: true,
    perEnvironmentStartEndDuringDev: false,
    sourcemapIgnoreList: [Function: isInNodeModules$1]
  },
  build: {
    target: [ 'es2020', 'edge88', 'firefox78', 'chrome87', 'safari14' ],
    polyfillModulePreload: true,
    modulePreload: { polyfill: true },
    outDir: 'dist',
    assetsDir: 'assets',
    assetsInlineLimit: 4096,
    sourcemap: false,
    terserOptions: {},
    rollupOptions: { onwarn: [Function: onwarn] },
    commonjsOptions: { include: [ /node_modules/ ], extensions: [ '.js', '.cjs' ] },
    dynamicImportVarsOptions: { warnOnError: true, exclude: [ /node_modules/ ] },
    write: true,
    emptyOutDir: null,
    copyPublicDir: true,
    manifest: false,
    lib: false,
    ssrManifest: false,
    ssrEmitAssets: false,
    reportCompressedSize: true,
    chunkSizeWarningLimit: 500,
    watch: null,
    cssCodeSplit: true,
    minify: 'esbuild',
    ssr: false,
    emitAssets: true,
    createEnvironment: [Function: createEnvironment],
    cssTarget: [ 'es2020', 'edge88', 'firefox78', 'chrome87', 'safari14' ],
    cssMinify: true
  },
  esbuild: { jsxDev: false, jsx: 'automatic', jsxImportSource: undefined },
  optimizeDeps: {
    include: [
      'react',
      'react-dom',
      'react/jsx-dev-runtime',
      'react/jsx-runtime'
    ],
    exclude: [],
    needsInterop: [],
    extensions: [],
    disabled: undefined,
    holdUntilCrawlEnd: true,
    force: false,
    noDiscovery: false,
    esbuildOptions: { preserveSymlinks: false, jsx: 'automatic' }
  },
  resolve: {
    externalConditions: [ 'node' ],
    extensions: [
      '.mjs',  '.js',
      '.mts',  '.ts',
      '.jsx',  '.tsx',
      '.json'
    ],
    dedupe: [ 'react', 'react-dom' ],
    noExternal: [],
    external: [],
    preserveSymlinks: false,
    alias: [
      {
        find: /^\/?@vite\/env/,
        replacement: '/@fs/D:/Office_File/other/CodeTrack/frontend/node_modules/vite/dist/client/env.mjs'
      },
      {
        find: /^\/?@vite\/client/,
        replacement: '/@fs/D:/Office_File/other/CodeTrack/frontend/node_modules/vite/dist/client/client.mjs'
      }
    ],
    mainFields: [ 'browser', 'module', 'jsnext:main', 'jsnext' ],
    conditions: [ 'module', 'browser', 'development|production' ],
    builtins: []
  },
  environments: {
    client: {
      define: undefined,
      resolve: {
        externalConditions: [ 'node' ],
        extensions: [
          '.mjs',  '.js',
          '.mts',  '.ts',
          '.jsx',  '.tsx',
          '.json'
        ],
        dedupe: [ 'react', 'react-dom' ],
        noExternal: [],
        external: [],
        preserveSymlinks: false,
        alias: [
          {
            find: /^\/?@vite\/env/,
            replacement: '/@fs/D:/Office_File/other/CodeTrack/frontend/node_modules/vite/dist/client/env.mjs'
          },
          {
            find: /^\/?@vite\/client/,
            replacement: '/@fs/D:/Office_File/other/CodeTrack/frontend/node_modules/vite/dist/client/client.mjs'
          }
        ],
        mainFields: [ 'browser', 'module', 'jsnext:main', 'jsnext' ],
        conditions: [ 'module', 'browser', 'development|production' ],
        builtins: []
      },
      keepProcessEnv: false,
      consumer: 'client',
      optimizeDeps: {
        include: [
          'react',
          'react-dom',
          'react/jsx-dev-runtime',
          'react/jsx-runtime'
        ],
        exclude: [],
        needsInterop: [],
        extensions: [],
        disabled: undefined,
        holdUntilCrawlEnd: true,
        force: false,
        noDiscovery: false,
        esbuildOptions: { preserveSymlinks: false, jsx: 'automatic' }
      },
      dev: {
        warmup: [],
        sourcemap: { js: true },
        sourcemapIgnoreList: [Function: isInNodeModules$1],
        preTransformRequests: true,
        createEnvironment: [Function: defaultCreateClientDevEnvironment],
        recoverable: true,
        moduleRunnerTransform: false
      },
      build: {
        target: [ 'es2020', 'edge88', 'firefox78', 'chrome87', 'safari14' ],
        polyfillModulePreload: true,
        modulePreload: { polyfill: true },
        outDir: 'dist',
        assetsDir: 'assets',
        assetsInlineLimit: 4096,
        sourcemap: false,
        terserOptions: {},
        rollupOptions: { onwarn: [Function: onwarn] },
        commonjsOptions: { include: [ /node_modules/ ], extensions: [ '.js', '.cjs' ] },
        dynamicImportVarsOptions: { warnOnError: true, exclude: [ /node_modules/ ] },
        write: true,
        emptyOutDir: null,
        copyPublicDir: true,
        manifest: false,
        lib: false,
        ssrManifest: false,
        ssrEmitAssets: false,
        reportCompressedSize: true,
        chunkSizeWarningLimit: 500,
        watch: null,
        cssCodeSplit: true,
        minify: 'esbuild',
        ssr: false,
        emitAssets: true,
        createEnvironment: [Function: createEnvironment],
        cssTarget: [ 'es2020', 'edge88', 'firefox78', 'chrome87', 'safari14' ],
        cssMinify: true
      }
    }
  },
  configFile: 'D:/Office_File/other/CodeTrack/frontend/vite.config.ts',
  configFileDependencies: [ 'D:/Office_File/other/CodeTrack/frontend/vite.config.ts' ],
  inlineConfig: {
    root: undefined,
    base: undefined,
    mode: undefined,
    configFile: undefined,
    configLoader: undefined,
    logLevel: undefined,
    clearScreen: undefined,
    build: {}
  },
  root: 'D:/Office_File/other/CodeTrack/frontend',
  base: '/',
  decodedBase: '/',
  rawBase: '/',
  publicDir: 'D:/Office_File/other/CodeTrack/frontend/public',
  cacheDir: 'D:/Office_File/other/CodeTrack/frontend/node_modules/.vite',
  command: 'build',
  mode: 'production',
  isWorker: false,
  mainConfig: null,
  bundleChain: [],
  isProduction: true,
  css: {
    transformer: 'postcss',
    preprocessorMaxWorkers: 0,
    devSourcemap: false
  },
  json: { namedExports: true, stringify: 'auto' },
  builder: undefined,
  preview: {
    port: 4173,
    strictPort: false,
    host: undefined,
    allowedHosts: [],
    https: undefined,
    open: false,
    proxy: {
      '/api': 'http://127.0.0.1:8000',
      '/health': 'http://127.0.0.1:8000',
      '/ready': 'http://127.0.0.1:8000'
    },
    cors: {
      origin: /^https?:\/\/(?:(?:[^:]+\.)?localhost|127\.0\.0\.1|\[::1\])(?::\d+)?$/
    },
    headers: {}
  },
  envDir: 'D:/Office_File/other/CodeTrack/frontend',
  env: { BASE_URL: '/', MODE: 'production', DEV: false, PROD: true },
  assetsInclude: [Function: assetsInclude],
  logger: {
    hasWarned: false,
    info: [Function: info],
    warn: [Function: warn],
    warnOnce: [Function: warnOnce],
    error: [Function: error],
    clearScreen: [Function: clearScreen],
    hasErrorLogged: [Function: hasErrorLogged]
  },
  packageCache: Map(1) {
    'fnpd_D:/Office_File/other/CodeTrack/frontend' => {
      dir: 'D:/Office_File/other/CodeTrack/frontend',
      data: {
        name: 'codetrack-frontend',
        version: '0.1.0',
        private: true,
        type: 'module',
        scripts: {
          dev: 'vite --host 0.0.0.0',
          build: 'tsc -b && vite build',
          preview: 'vite preview --host 0.0.0.0',
          'evidence:screenshots': 'node scripts/capture-evidence.mjs'
        },
        dependencies: {
          '@monaco-editor/react': '^4.7.0',
          '@vitejs/plugin-react': '^4.3.4',
          antd: '^5.22.7',
          echarts: '^6.1.0',
          'lucide-react': '^0.468.0',
          react: '^18.3.1',
          'react-dom': '^18.3.1',
          'react-rnd': '^10.5.3',
          'react-router-dom': '^7.18.1',
          vite: '^6.0.5'
        },
        devDependencies: {
          '@types/react': '^18.3.18',
          '@types/react-dom': '^18.3.5',
          playwright: '^1.49.1',
          typescript: '^5.7.2'
        }
      },
      hasSideEffects: [Function: hasSideEffects],
      setResolvedCache: [Function: setResolvedCache],
      getResolvedCache: [Function: getResolvedCache]
    },
    set: [Function (anonymous)]
  },
  worker: { format: 'iife', plugins: '() => plugins', rollupOptions: {} },
  appType: 'spa',
  experimental: { importGlobRestoreExtension: false, hmrPartialAccept: false },
  future: undefined,
  ssr: {
    target: 'node',
    optimizeDeps: { esbuildOptions: { preserveSymlinks: false } },
    resolve: { conditions: undefined, externalConditions: undefined }
  },
  dev: {
    warmup: [],
    sourcemap: { js: true },
    sourcemapIgnoreList: [Function: isInNodeModules$1],
    preTransformRequests: false,
    createEnvironment: [Function: defaultCreateDevEnvironment],
    recoverable: false,
    moduleRunnerTransform: false
  },
  webSocketToken: 'g_CoSYyU0nMd',
  getSortedPlugins: [Function: getSortedPlugins],
  getSortedPluginHooks: [Function: getSortedPluginHooks],
  createResolver: [Function: createResolver],
  fsDenyGlob: [Function: arrayMatcher],
  safeModulePaths: Set(0) {},
  additionalAllowedHosts: [],
  [Symbol(vite:resolved-config)]: true
}
2026-08-15T08:26:09.632Z vite:resolve [32m3.17ms[39m [36m./question-workspace.css[39m -> [2mD:/Office_File/other/CodeTrack/frontend/src/styles/question-workspace.css[22m
2026-08-15T08:26:12.886Z vite:resolve [32m1.91ms[39m [36m./app-shell.css[39m -> [2mD:/Office_File/other/CodeTrack/frontend/src/styles/app-shell.css[22m
2026-08-15T08:26:14.551Z vite:resolve [32m1.14ms[39m [36m./student-knowledge-base.css[39m -> [2mD:/Office_File/other/CodeTrack/frontend/src/styles/student-knowledge-base.css[22m
2026-08-15T08:26:17.045Z vite:resolve [32m1.47ms[39m [36m./self-study.css[39m -> [2mD:/Office_File/other/CodeTrack/frontend/src/styles/self-study.css[22m
2026-08-15T08:26:18.118Z vite:resolve [32m3.76ms[39m [36m./legacy-components.css[39m -> [2mD:/Office_File/other/CodeTrack/frontend/src/styles/legacy-components.css[22m
2026-08-15T08:26:18.652Z vite:resolve [32m1.96ms[39m [36m./teacher-entry.css[39m -> [2mD:/Office_File/other/CodeTrack/frontend/src/styles/teacher-entry.css[22m
2026-08-15T08:26:18.957Z vite:resolve [32m1.80ms[39m [36m./teacher-workbench.css[39m -> [2mD:/Office_File/other/CodeTrack/frontend/src/styles/teacher-workbench.css[22m
2026-08-15T08:26:19.044Z vite:resolve [32m1.95ms[39m [36m./course-tasks.css[39m -> [2mD:/Office_File/other/CodeTrack/frontend/src/styles/course-tasks.css[22m
2026-08-15T08:26:19.066Z vite:resolve [32m1.97ms[39m [36m./task-workspace.css[39m -> [2mD:/Office_File/other/CodeTrack/frontend/src/styles/task-workspace.css[22m
2026-08-15T08:26:19.079Z vite:resolve [32m3.04ms[39m [36m./teacher-review.css[39m -> [2mD:/Office_File/other/CodeTrack/frontend/src/styles/teacher-review.css[22m
2026-08-15T08:26:19.088Z vite:resolve [32m2.25ms[39m [36m./teacher-diagnosis.css[39m -> [2mD:/Office_File/other/CodeTrack/frontend/src/styles/teacher-diagnosis.css[22m
2026-08-15T08:26:19.095Z vite:resolve [32m1.29ms[39m [36m./teacher-tasks.css[39m -> [2mD:/Office_File/other/CodeTrack/frontend/src/styles/teacher-tasks.css[22m
2026-08-15T08:26:19.101Z vite:resolve [32m1.09ms[39m [36m./teacher-resources.css[39m -> [2mD:/Office_File/other/CodeTrack/frontend/src/styles/teacher-resources.css[22m
2026-08-15T08:26:19.110Z vite:resolve [32m1.35ms[39m [36m./teacher-home-courses.css[39m -> [2mD:/Office_File/other/CodeTrack/frontend/src/styles/teacher-home-courses.css[22m
2026-08-15T08:26:19.117Z vite:resolve [32m1.51ms[39m [36m./ai-companion.css[39m -> [2mD:/Office_File/other/CodeTrack/frontend/src/styles/ai-companion.css[22m
[33m
(!) Some chunks are larger than 500 kB after minification. Consider:
- Using dynamic import() to code-split the application
- Use build.rollupOptions.output.manualChunks to improve chunking: https://rollupjs.org/configuration-options/#output-manualchunks
- Adjust chunk size limit for this warning via build.chunkSizeWarningLimit.[39m
